# GC收集器总结

## SerialGC

对于 GCLogAnalysis类来说

- 因为SerialGC是单线程串行GC，他在垃圾收集期间，用户线程无法运行，然后因为GCLogAnalysis.java的“业务量（产生垃圾多）”很大，导致GC停顿时间很长（我的程序大概停顿了600ms，一共秒，因此对于业务量大的程序 SerialGC的效果很差
- 大多数的发生GC的原因都是分配失败
- 平均停顿在20ms左右，最高位40ms，对要求及时相应的程序影响很大

2021-01-23T22:06:27.660+0800: 0.779: [Full GC (Allocation Failure) 2021-01-23T22:06:27.660+0800: 0.779: [Tenured: 349551K->349404K(349568K), 0.0324877 secs] 506794K->381861K(506816K), [Metaspace: 2695K->2695K(1056768K)], 0.0325560 secs] [Times: user=0.03 sys=0.00, real=0.03 secs] 

- 当老年代的对象达到一定的数量以后，几乎全部都是Full GC了，我把程序运行时间延迟到了10s 发现从2s以后的日志基本上都是full GC，可以证明，serialGC一直在极限的情况下 不停地清理老年代对象和新生代，然而此时通过GC总时间-tenured的时候开发算出来。清理新生代的时间很短很短，可见在新生代还没有怎么被使用的时候，就因为老年代内存不够用了开始清理老年代了
- 通过上述日志的 堆总内存使用量-老年代清理的内存数量，可以计算出来，新生代其实也被清理了。要不然数值不相等

对于gatway网关项目来说：

```log
Java HotSpot(TM) 64-Bit Server VM (25.231-b11) for windows-amd64 JRE (1.8.0_231-b11), built on Oct  5 2019 03:11:30 by "java_re" with MS VC++ 10.0 (VS2010)
Memory: 4k page, physical 33424564k(20384420k free), swap 38405300k(16947460k free)
CommandLine flags: -XX:InitialHeapSize=536870912 -XX:MaxHeapSize=536870912 -XX:+PrintGC -XX:+PrintGCTimeStamps -XX:+UseCompressedClassPointers -XX:+UseCompressedOops -XX:-UseLargePagesIndividualAllocation -XX:+UseSerialGC 
0.566: [GC (Allocation Failure)  139776K->7572K(506816K), 0.0107370 secs]
0.807: [Full GC (Metadata GC Threshold)  130848K->10823K(506816K), 0.0417081 secs]
1.239: [GC (Allocation Failure)  150599K->17551K(506816K), 0.0108689 secs]
2.073: [GC (Allocation Failure)  157327K->23964K(506816K), 0.0152563 secs]
2.435: [GC (Allocation Failure)  163740K->26115K(506816K), 0.0294155 secs]
2.474: [Full GC (Metadata GC Threshold)  29037K->24694K(506816K), 0.0357970 secs]
9.393: [GC (Allocation Failure)  164470K->26890K(506816K), 0.0047813 secs]
10.207: [GC (Allocation Failure)  166666K->26265K(506816K), 0.0029859 secs]
10.942: [GC (Allocation Failure)  166041K->26297K(506816K), 0.0028997 secs]
11.483: [GC (Allocation Failure)  166073K->26298K(506816K), 0.0028408 secs]
12.053: [GC (Allocation Failure)  166074K->26298K(506816K), 0.0028835 secs]
12.626: [GC (Allocation Failure)  166074K->26290K(506816K), 0.0026574 secs]
13.161: [GC (Allocation Failure)  166066K->26296K(506816K), 0.0026716 secs]
13.682: [GC (Allocation Failure)  166072K->26314K(506816K), 0.0027486 secs]
14.227: [GC (Allocation Failure)  166090K->26326K(506816K), 0.0029220 secs]
14.774: [GC (Allocation Failure)  166102K->26300K(506816K), 0.0027807 secs]
15.308: [GC (Allocation Failure)  166076K->26298K(506816K), 0.0029775 secs]
15.836: [GC (Allocation Failure)  166074K->26290K(506816K), 0.0027230 secs]
16.372: [GC (Allocation Failure)  166066K->26286K(506816K), 0.0029954 secs]
16.932: [GC (Allocation Failure)  166062K->26294K(506816K), 0.0026587 secs]
17.468: [GC (Allocation Failure)  166070K->26300K(506816K), 0.0027900 secs]
18.002: [GC (Allocation Failure)  166076K->26283K(506816K), 0.0031542 secs]
18.538: [GC (Allocation Failure)  166059K->26287K(506816K), 0.0017772 secs]
19.078: [GC (Allocation Failure)  166063K->26287K(506816K), 0.0016974 secs]
19.644: [GC (Allocation Failure)  166063K->26287K(506816K), 0.0016444 secs]
20.208: [GC (Allocation Failure)  166063K->26303K(506816K), 0.0017261 secs]
20.754: [GC (Allocation Failure)  166079K->26284K(506816K), 0.0020413 secs]
21.295: [GC (Allocation Failure)  166060K->26291K(506816K), 0.0017649 secs]
21.885: [GC (Allocation Failure)  166067K->26288K(506816K), 0.0018315 secs]
22.443: [GC (Allocation Failure)  166064K->26291K(506816K), 0.0017329 secs]
23.004: [GC (Allocation Failure)  166067K->26301K(506816K), 0.0018889 secs]
23.585: [GC (Allocation Failure)  166077K->26287K(506816K), 0.0020794 secs]
24.209: [GC (Allocation Failure)  166063K->26287K(506816K), 0.0020385 secs]
24.757: [GC (Allocation Failure)  166063K->26291K(506816K), 0.0015957 secs]
25.291: [GC (Allocation Failure)  166067K->26287K(506816K), 0.0017400 secs]
25.829: [GC (Allocation Failure)  166063K->26314K(506816K), 0.0016669 secs]
26.370: [GC (Allocation Failure)  166090K->26298K(506816K), 0.0015761 secs]
26.928: [GC (Allocation Failure)  166074K->26291K(506816K), 0.0014760 secs]
27.454: [GC (Allocation Failure)  166067K->26300K(506816K), 0.0014535 secs]
27.997: [GC (Allocation Failure)  166073K->26300K(506816K), 0.0014741 secs]
28.546: [GC (Allocation Failure)  166076K->26289K(506816K), 0.0016460 secs]
29.104: [GC (Allocation Failure)  166065K->26289K(506816K), 0.0014251 secs]
29.639: [GC (Allocation Failure)  166065K->26295K(506816K), 0.0014050 secs]
30.183: [GC (Allocation Failure)  166071K->26300K(506816K), 0.0014858 secs]
30.748: [GC (Allocation Failure)  166076K->26302K(506816K), 0.0015725 secs]
31.302: [GC (Allocation Failure)  166078K->26289K(506816K), 0.0016569 secs]
31.862: [GC (Allocation Failure)  166065K->26312K(506816K), 0.0014306 secs]
32.399: [GC (Allocation Failure)  166088K->26304K(506816K), 0.0014995 secs]
32.982: [GC (Allocation Failure)  166080K->26306K(506816K), 0.0017299 secs]
33.659: [GC (Allocation Failure)  166082K->26302K(506816K), 0.0017708 secs]
34.268: [GC (Allocation Failure)  166078K->26302K(506816K), 0.0018600 secs]
34.832: [GC (Allocation Failure)  166078K->26306K(506816K), 0.0016652 secs]
35.396: [GC (Allocation Failure)  166082K->26298K(506816K), 0.0015610 secs]
35.982: [GC (Allocation Failure)  166074K->26290K(506816K), 0.0015889 secs]
36.580: [GC (Allocation Failure)  166066K->26305K(506816K), 0.0016493 secs]
37.216: [GC (Allocation Failure)  166081K->26286K(506816K), 0.0016500 secs]
37.808: [GC (Allocation Failure)  166062K->26291K(506816K), 0.0015409 secs]
38.445: [GC (Allocation Failure)  166067K->26291K(506816K), 0.0017137 secs]

```

- 我们发现对于正常项目来说 serial 效果也是很不错的。暂停时间很短。

### 总结：

我们可以得出，对于压力很大的项目来说 serial的并不是一个好的选，因为当产生的垃圾很多的时候，他不仅收集老年代的时间很长，收集年轻代的时间也很长（因为单线程处理，像年轻代这种 暂停用户进程的，肯定能用来处理垃圾的线程越多越好），但是对于压力不大的项目，产生垃圾少，老年代垃圾收集次数更少来说，serial是一个不错的选择

## ParallelGC（关注吞吐量的并行GC)

对于GCLogAnalysis类来说

- 在我的电脑上 parallel的年轻代收集时间几乎都为5ms左右，而serial收集器的为20ms-30ms，可见并行在多核计算机上效果还是不错的
- Ergonomics 表示jvm认为此时可以触发一次 full GC
- 1秒内 整个GC的时间为580ms，平均生产1.1万个对象，可见对于我们这种访问频繁的业务，parallelGC的效果似乎也并不好，GC占用的时间占用了整个时间的一半还多。

2021-01-23T22:43:20.113+0800: 0.597: [Full GC (Ergonomics) [PSYoungGen: 19400K->0K(116736K)] [ParOldGen: 329836K->318846K(349696K)] 349236K->318846K(466432K), [Metaspace: 2694K->2694K(1056768K)], 0.0250912 secs] [Times: user=0.20 sys=0.00, real=0.03 secs] 

- full GC中，他打印了收集年轻代的日志，但是serial却没有，可见parallel日志更可读
- 在老年代几乎满了以后，parallel并发收集的效率似乎并不比单线程的serial old GC更好**，这里应该是和复制对象的数量太多有关系**，**而复制对象的时候，如果是多个线程一起并发处理，还要处理内存冲突的问题****，**所以拖慢了老年代并发的效率**** 不知道我这里猜想的的队不对。
- 从 full日志也可以看出来，触发full 的情况一般都是 老年代不行了，而不是年轻代不行了
- 因此 对于老年代来说 是不是 标记-清除-整理的并行并没有太大的优势。。。

对于gatway网关类来说，我sb工具10c 10n的参数

```log
Java HotSpot(TM) 64-Bit Server VM (25.231-b11) for windows-amd64 JRE (1.8.0_231-b11), built on Oct  5 2019 03:11:30 by "java_re" with MS VC++ 10.0 (VS2010)
Memory: 4k page, physical 33424564k(20265804k free), swap 38405300k(16771428k free)
CommandLine flags: -XX:InitialHeapSize=536870912 -XX:MaxHeapSize=536870912 -XX:+PrintGC -XX:+PrintGCTimeStamps -XX:+UseCompressedClassPointers -XX:+UseCompressedOops -XX:-UseLargePagesIndividualAllocation -XX:+UseParallelGC 
0.526: [GC (Allocation Failure)  131584K->7856K(502784K), 0.0040394 secs]
0.745: [GC (Metadata GC Threshold)  139440K->11658K(502784K), 0.0054086 secs]
0.750: [Full GC (Metadata GC Threshold)  11658K->11017K(502784K), 0.0156967 secs]
1.103: [GC (Allocation Failure)  142601K->17785K(502784K), 0.0024773 secs]
1.866: [GC (Allocation Failure)  149369K->24424K(502784K), 0.0041438 secs]
2.145: [GC (Allocation Failure)  156008K->26160K(502784K), 0.0058414 secs]
2.245: [GC (Metadata GC Threshold)  52391K->25470K(504320K), 0.0066083 secs]
2.252: [Full GC (Metadata GC Threshold)  25470K->18834K(504320K), 0.0297053 secs]
8.434: [GC (Allocation Failure)  155538K->21405K(489472K), 0.0021711 secs]
9.159: [GC (Allocation Failure)  158109K->20802K(503296K), 0.0017295 secs]
9.865: [GC (Allocation Failure)  154434K->20810K(503808K), 0.0018504 secs]
10.403: [GC (Allocation Failure)  154442K->20738K(503808K), 0.0017400 secs]
10.937: [GC (Allocation Failure)  154370K->20810K(503808K), 0.0016144 secs]
11.525: [GC (Allocation Failure)  154442K->20866K(504320K), 0.0016953 secs]
12.040: [GC (Allocation Failure)  155522K->20762K(504320K), 0.0015932 secs]
12.556: [GC (Allocation Failure)  155418K->20810K(505344K), 0.0016221 secs]
13.090: [GC (Allocation Failure)  157002K->20898K(504832K), 0.0014950 secs]
13.623: [GC (Allocation Failure)  157090K->20858K(506880K), 0.0015397 secs]
14.186: [GC (Allocation Failure)  160122K->20842K(506368K), 0.0017515 secs]
14.718: [GC (Allocation Failure)  160106K->20762K(508416K), 0.0014622 secs]
15.288: [GC (Allocation Failure)  162586K->20794K(507392K), 0.0014908 secs]
15.846: [GC (Allocation Failure)  162618K->20898K(509440K), 0.0015035 secs]
16.410: [GC (Allocation Failure)  165282K->20818K(508928K), 0.0014711 secs]
16.975: [GC (Allocation Failure)  165202K->20915K(510976K), 0.0015740 secs]
17.574: [GC (Allocation Failure)  168371K->21051K(510464K), 0.0010626 secs]
18.144: [GC (Allocation Failure)  168507K->21099K(511488K), 0.0010295 secs]
18.710: [GC (Allocation Failure)  169579K->21115K(510976K), 0.0010338 secs]
19.267: [GC (Allocation Failure)  169595K->21115K(513024K), 0.0010439 secs]
19.843: [GC (Allocation Failure)  172155K->21171K(512000K), 0.0010025 secs]
20.406: [GC (Allocation Failure)  172211K->21091K(514048K), 0.0010310 secs]
20.991: [GC (Allocation Failure)  174691K->21131K(513536K), 0.0011332 secs]
21.596: [GC (Allocation Failure)  174731K->21195K(515072K), 0.0012067 secs]
22.187: [GC (Allocation Failure)  176843K->21195K(514560K), 0.0010582 secs]
22.779: [GC (Allocation Failure)  176843K->21195K(516096K), 0.0010703 secs]
23.375: [GC (Allocation Failure)  178891K->21243K(515584K), 0.0010360 secs]
23.974: [GC (Allocation Failure)  178939K->21339K(517120K), 0.0010237 secs]
24.579: [GC (Allocation Failure)  181083K->21275K(516608K), 0.0011403 secs]
25.191: [GC (Allocation Failure)  181019K->21275K(517632K), 0.0010656 secs]
25.810: [GC (Allocation Failure)  182043K->21339K(517120K), 0.0011975 secs]
26.421: [GC (Allocation Failure)  182107K->21211K(518656K), 0.0011248 secs]
27.036: [GC (Allocation Failure)  184027K->21275K(518144K), 0.0009763 secs]
27.653: [GC (Allocation Failure)  184091K->21339K(519168K), 0.0009945 secs]
28.286: [GC (Allocation Failure)  185179K->21339K(518656K), 0.0009696 secs]
28.930: [GC (Allocation Failure)  185179K->21243K(519680K), 0.0011222 secs]
29.556: [GC (Allocation Failure)  186619K->21307K(519680K), 0.0009896 secs]
30.190: [GC (Allocation Failure)  186683K->21307K(520192K), 0.0010267 secs]
30.861: [GC (Allocation Failure)  187704K->21339K(520192K), 0.0010481 secs]
31.501: [GC (Allocation Failure)  187739K->21307K(520704K), 0.0010382 secs]
32.154: [GC (Allocation Failure)  188731K->21339K(520704K), 0.0010271 secs]
32.790: [GC (Allocation Failure)  188763K->21307K(521216K), 0.0010903 secs]
33.434: [GC (Allocation Failure)  189755K->21339K(521216K), 0.0011769 secs]
34.076: [GC (Allocation Failure)  189780K->21339K(521728K), 0.0010201 secs]
34.741: [GC (Allocation Failure)  190811K->21339K(521728K), 0.0010625 secs]
35.456: [GC (Allocation Failure)  190811K->21307K(521728K), 0.0011456 secs]
36.151: [GC (Allocation Failure)  190779K->21307K(521728K), 0.0010911 secs]
36.848: [GC (Allocation Failure)  190779K->21347K(522240K), 0.0011401 secs]
37.545: [GC (Allocation Failure)  191843K->21347K(522240K), 0.0010516 secs]

```



- 对于这个正常压力正常的项目来说，我们发现 serial和parallel的收集效果差别不大，不管是老年代还是新生代。
- 可以发现parallel 对压力正常的项目来讲，收集的效果也是非常好，但是手机老年代的时候，和serial old的效果差不多

总结：

可以发现parallel 对于年轻代的收集效果还是很好的，尤其是对于产生垃圾很多很快的新生代来说，因为他可以利用多核的优势，他比serial的效果要好的多，但是老年代两者差别不大。

因此，我们完全可以抛弃serial ，因为 parallel >= serial的（单核下就是=）。

### CMS(关注延迟的收集器)

对于GCLogAnalysis来说

- MaxTenuringThreshold=6 新生代存活6次后，进入老年代
- 初始化标记GC Root的时间非常短 在0.4ms左右，虽然此次需要暂停用户进程，但是时间几乎可以忽略不记

- 2021-01-23T23:10:56.283+0800: 0.463: [CMS-concurrent-abortable-preclean-start] 此阶段过程中，一般都会对年轻代进行清理工作，同时此阶段过后还可能会发生：concurrent mode failure，直接退回serial old GC  老年代处理时间直接增加到20-30ms，然而不知道是不是程序代码的问题，1s内发生了5次并发清理失败，如果并发清理模式不失败，按理说这里是并发进行的，不会占用程序运行时间。
- 如果忽略掉 并发失败的问题

2021-01-23T23:10:56.354+0800: 0.533: [GC (Allocation Failure) 2021-01-23T23:10:56.354+0800: 0.533: [ParNew: 139397K->139397K(157248K), 0.0000170 secs]2021-01-23T23:10:56.354+0800: 0.533: [CMS: 303263K->309425K(349568K), 0.0342645 secs] 442661K->309425K(506816K), [Metaspace: 2694K->2694K(1056768K)], 0.0343560 secs] [Times: user=0.03 sys=0.00, real=0.03 secs] 

- 这段的含义应该不是清理老年代的垃圾，而是整理老年代碎片问题，而且这里我们发现，老年代虽然没有进行垃圾回收，但是整个堆的空闲空间变大了（442661-309425）因此推测，其实在整理老年代随便的时候，也对年轻代进行了回收工作。

CMS运行一秒生成的对象数量在13500左右，明显是比parallel Old的要强

对于Gatway项目来说

```
Java HotSpot(TM) 64-Bit Server VM (25.231-b11) for windows-amd64 JRE (1.8.0_231-b11), built on Oct  5 2019 03:11:30 by "java_re" with MS VC++ 10.0 (VS2010)
Memory: 4k page, physical 33424564k(20159656k free), swap 38405300k(16637836k free)
CommandLine flags: -XX:InitialHeapSize=536870912 -XX:MaxHeapSize=536870912 -XX:MaxNewSize=178958336 -XX:MaxTenuringThreshold=6 -XX:NewSize=178958336 -XX:OldPLABSize=16 -XX:OldSize=357912576 -XX:+PrintGC -XX:+PrintGCTimeStamps -XX:+UseCompressedClassPointers -XX:+UseCompressedOops -XX:+UseConcMarkSweepGC -XX:-UseLargePagesIndividualAllocation -XX:+UseParNewGC 
0.544: [GC (Allocation Failure)  139776K->7882K(506816K), 0.0049431 secs]
0.550: [GC (GCLocker Initiated GC)  9979K->9336K(506816K), 0.0020161 secs]
0.776: [GC (Allocation Failure)  149112K->13832K(506816K), 0.0061515 secs]
0.785: [GC (CMS Initial Mark)  21766K(506816K), 0.0010349 secs]
1.048: [GC (CMS Final Remark)  103339K(506816K), 0.0087332 secs]
1.193: [GC (Allocation Failure)  153608K->14906K(506816K), 0.0107966 secs]
1.946: [GC (Allocation Failure)  154682K->21958K(506816K), 0.0047472 secs]
7.820: [GC (Allocation Failure)  161734K->24979K(506816K), 0.0070689 secs]
8.661: [GC (Allocation Failure)  164755K->25615K(506816K), 0.0056576 secs]
9.370: [GC (Allocation Failure)  165391K->21136K(506816K), 0.0030698 secs]
10.143: [GC (Allocation Failure)  160912K->21147K(506816K), 0.0032509 secs]
10.759: [GC (Allocation Failure)  160923K->21294K(506816K), 0.0034442 secs]
11.422: [GC (Allocation Failure)  161070K->21616K(506816K), 0.0034019 secs]
12.006: [GC (Allocation Failure)  161392K->23029K(506816K), 0.0033751 secs]
12.548: [GC (Allocation Failure)  162805K->20580K(506816K), 0.0029037 secs]
13.081: [GC (Allocation Failure)  160356K->19855K(506816K), 0.0025525 secs]
13.622: [GC (Allocation Failure)  159631K->19663K(506816K), 0.0027201 secs]
14.186: [GC (Allocation Failure)  159439K->19624K(506816K), 0.0026900 secs]
14.720: [GC (Allocation Failure)  159394K->19634K(506816K), 0.0022550 secs]
15.278: [GC (Allocation Failure)  159410K->19622K(506816K), 0.0025533 secs]
15.821: [GC (Allocation Failure)  159398K->19618K(506816K), 0.0026879 secs]
16.376: [GC (Allocation Failure)  159394K->19632K(506816K), 0.0026566 secs]
16.925: [GC (Allocation Failure)  159408K->19613K(506816K), 0.0026829 secs]
17.465: [GC (Allocation Failure)  159389K->19609K(506816K), 0.0026562 secs]
18.007: [GC (Allocation Failure)  159385K->19616K(506816K), 0.0027179 secs]
18.557: [GC (Allocation Failure)  159392K->19618K(506816K), 0.0027026 secs]
19.131: [GC (Allocation Failure)  159394K->19616K(506816K), 0.0027872 secs]
19.698: [GC (Allocation Failure)  159392K->19616K(506816K), 0.0031757 secs]
20.275: [GC (Allocation Failure)  159386K->19620K(506816K), 0.0028284 secs]
20.825: [GC (Allocation Failure)  159396K->19630K(506816K), 0.0026765 secs]
21.380: [GC (Allocation Failure)  159406K->19618K(506816K), 0.0026165 secs]
21.925: [GC (Allocation Failure)  159394K->19618K(506816K), 0.0022780 secs]
22.475: [GC (Allocation Failure)  159394K->19618K(506816K), 0.0026974 secs]
23.027: [GC (Allocation Failure)  159394K->19618K(506816K), 0.0023829 secs]
23.571: [GC (Allocation Failure)  159394K->19612K(506816K), 0.0027454 secs]
24.117: [GC (Allocation Failure)  159388K->19622K(506816K), 0.0026214 secs]
24.657: [GC (Allocation Failure)  159398K->19638K(506816K), 0.0026938 secs]
25.200: [GC (Allocation Failure)  159414K->19638K(506816K), 0.0026102 secs]
25.743: [GC (Allocation Failure)  159407K->19630K(506816K), 0.0025432 secs]
26.287: [GC (Allocation Failure)  159406K->19618K(506816K), 0.0024816 secs]
26.839: [GC (Allocation Failure)  159394K->19618K(506816K), 0.0026238 secs]
27.402: [GC (Allocation Failure)  159394K->19642K(506816K), 0.0026422 secs]
27.955: [GC (Allocation Failure)  159418K->19628K(506816K), 0.0026722 secs]
28.498: [GC (Allocation Failure)  159404K->19620K(506816K), 0.0026603 secs]
29.057: [GC (Allocation Failure)  159396K->19618K(506816K), 0.0026873 secs]
29.590: [GC (Allocation Failure)  159394K->19640K(506816K), 0.0026390 secs]
30.127: [GC (Allocation Failure)  159416K->19624K(506816K), 0.0025266 secs]
30.677: [GC (Allocation Failure)  159400K->19618K(506816K), 0.0027145 secs]
31.237: [GC (Allocation Failure)  159394K->19620K(506816K), 0.0023601 secs]
31.772: [GC (Allocation Failure)  159396K->19624K(506816K), 0.0027690 secs]
32.315: [GC (Allocation Failure)  159400K->19630K(506816K), 0.0025838 secs]
32.863: [GC (Allocation Failure)  159406K->19646K(506816K), 0.0027303 secs]
33.445: [GC (Allocation Failure)  159422K->19644K(506816K), 0.0028970 secs]
34.069: [GC (Allocation Failure)  159420K->19617K(506816K), 0.0028859 secs]
34.711: [GC (Allocation Failure)  159393K->19630K(506816K), 0.0028290 secs]
35.318: [GC (Allocation Failure)  159406K->19618K(506816K), 0.0029020 secs]
35.906: [GC (Allocation Failure)  159394K->19621K(506816K), 0.0026742 secs]
36.482: [GC (Allocation Failure)  159397K->19633K(506816K), 0.0027861 secs]
37.070: [GC (Allocation Failure)  159409K->19641K(506816K), 0.0028322 secs]
37.661: [GC (Allocation Failure)  159417K->19616K(506816K), 0.0026510 secs]

```

- 在正常项目-发生并发失败的次数概率很低的时候，我们看出来 他对老年代收集强大的能力，和控制在了各位数ms以内！这是上述serial和parallel是完全达不到的

总结

cms对于收集老年代还是很不错的，及时是发生了并发失败的情况，但是并发失败对垃圾收集的时间，依然和serial和parallel的差不多，也就是 大多数情况cms都比他俩好，最差的时候差不多。唯一的遗憾就是 cms可能会在内存碎片的大小不够为新对象分配内存的时候，发生一次 对象复制操作。

因此我觉得，再打对象情况比较少，都是正常对象大小的情况下 cms是一个优于serial和parallel的选择，cms的延迟时间也很短，但是如果大对象数量较多，触发cms进行内存整理的次数多的情况下，parallel old或许效果会更好

延迟优先的话 cms更好（并发不阻塞线程，没有整理内存的时间消耗），吞吐量优先的话 parallel old会好（他会整理内存，在分配新对象的时候，效率更好）

### G1收集器

对于GCLogAnalysis来说

- G1每次回收垃圾的暂停时间都很多 绝大情况下不超过10ms 但是 暂停的次数非常多。1s内发生了上百次

2021-01-24T00:14:05.594+0800: 0.798: [Full GC (Allocation Failure)  415M->346M(512M), 0.0276644 secs]
   [Eden: 0.0B(25.0M)->0.0B(25.0M) Survivors: 0.0B->0.0B Heap: 415.9M(512.0M)->346.8M(512.0M)], [Metaspace: 2694K->2694K(1056768K)]
 [Times: user=0.02 sys=0.00, real=0.03 secs] 

- G1发生full GC的时候 暂停时间也很长，我的电脑上在20-30ms之间，此时证明G1已经没有办法在并发收集的时候，为新产生的对象预留空间，此时不得不暂停用户进程进行收集
- 只要不发生Full GC  理论上 G1的低延时效果非常好，无论是yong GC 还是 mixed GC 暂停时间都非常短，在几毫秒以内
- G1收集器的总暂停时间为250ms以内 比上述收集器的500ms-600ms的总暂停时间，要好很多

对于gatway项目来说

```
Java HotSpot(TM) 64-Bit Server VM (25.231-b11) for windows-amd64 JRE (1.8.0_231-b11), built on Oct  5 2019 03:11:30 by "java_re" with MS VC++ 10.0 (VS2010)
Memory: 4k page, physical 33424564k(20120652k free), swap 38405300k(16583248k free)
CommandLine flags: -XX:InitialHeapSize=536870912 -XX:MaxHeapSize=536870912 -XX:+PrintGC -XX:+PrintGCTimeStamps -XX:+UseCompressedClassPointers -XX:+UseCompressedOops -XX:+UseG1GC -XX:-UseLargePagesIndividualAllocation 
0.309: [GC pause (G1 Evacuation Pause) (young) 25M->3246K(512M), 0.0019166 secs]
0.429: [GC pause (G1 Evacuation Pause) (young) 37M->5527K(512M), 0.0024818 secs]
0.831: [GC pause (Metadata GC Threshold) (young) (initial-mark) 184M->15M(512M), 0.0092386 secs]
0.840: [GC concurrent-root-region-scan-start]
0.843: [GC concurrent-root-region-scan-end, 0.0024858 secs]
0.843: [GC concurrent-mark-start]
0.843: [GC concurrent-mark-end, 0.0002519 secs]
0.843: [GC remark, 0.0024607 secs]
0.846: [GC cleanup 16M->15M(512M), 0.0005200 secs]
0.846: [GC concurrent-cleanup-start]
0.846: [GC concurrent-cleanup-end, 0.0000061 secs]
2.175: [GC pause (G1 Evacuation Pause) (young) 306M->25M(512M), 0.0135803 secs]
7.281: [GC pause (Metadata GC Threshold) (young) (initial-mark) 149M->20M(512M), 0.0082375 secs]
7.289: [GC concurrent-root-region-scan-start]
7.295: [GC concurrent-root-region-scan-end, 0.0062578 secs]
7.295: [GC concurrent-mark-start]
7.295: [GC concurrent-mark-end, 0.0000747 secs]
7.295: [GC remark, 0.0026537 secs]
7.298: [GC cleanup 26M->26M(512M), 0.0004839 secs]
9.052: [GC pause (G1 Evacuation Pause) (young) 306M->22M(512M), 0.0095577 secs]
10.403: [GC pause (G1 Evacuation Pause) (young) 306M->22M(512M), 0.0087918 secs]
11.633: [GC pause (G1 Evacuation Pause) (young) 306M->20M(512M), 0.0083506 secs]
12.851: [GC pause (G1 Evacuation Pause) (young) 306M->21M(512M), 0.0093679 secs]
14.048: [GC pause (G1 Evacuation Pause) (young) 306M->20M(512M), 0.0084833 secs]
15.170: [GC pause (G1 Evacuation Pause) (young) 306M->20M(512M), 0.0080893 secs]
16.314: [GC pause (G1 Evacuation Pause) (young) 306M->21M(512M), 0.0081186 secs]
17.443: [GC pause (G1 Evacuation Pause) (young) 306M->20M(512M), 0.0082438 secs]
18.584: [GC pause (G1 Evacuation Pause) (young) 306M->21M(512M), 0.0084006 secs]
19.759: [GC pause (G1 Evacuation Pause) (young) 306M->20M(512M), 0.0080927 secs]
20.895: [GC pause (G1 Evacuation Pause) (young) 306M->21M(512M), 0.0091485 secs]
22.035: [GC pause (G1 Evacuation Pause) (young) 308M->21M(512M), 0.0063314 secs]
23.207: [GC pause (G1 Evacuation Pause) (young) 309M->22M(512M), 0.0054963 secs]
24.372: [GC pause (G1 Evacuation Pause) (young) 312M->23M(512M), 0.0050493 secs]
25.560: [GC pause (G1 Evacuation Pause) (young) 323M->29M(512M), 0.0025697 secs]
26.794: [GC pause (G1 Evacuation Pause) (young) 329M->27M(512M), 0.0016487 secs]
27.980: [GC pause (G1 Evacuation Pause) (young) 332M->27M(512M), 0.0011779 secs]
29.184: [GC pause (G1 Evacuation Pause) (young) 333M->27M(512M), 0.0011558 secs]
30.381: [GC pause (G1 Evacuation Pause) (young) 333M->27M(512M), 0.0010850 secs]
31.674: [GC pause (G1 Evacuation Pause) (young) 333M->27M(512M), 0.0012069 secs]
32.985: [GC pause (G1 Evacuation Pause) (young) 333M->27M(512M), 0.0011370 secs]
34.302: [GC pause (G1 Evacuation Pause) (young) 333M->27M(512M), 0.0011178 secs]
35.644: [GC pause (G1 Evacuation Pause) (young) 333M->27M(512M), 0.0011394 secs]
37.032: [GC pause (G1 Evacuation Pause) (young) 333M->27M(512M), 0.0011601 secs]

```

- 其实我们发现，如果项目压力不大，正常项目G1的效果和cms的差不多，而且也没有过多的垃圾收集次数

### 总结

G1在压力不大的时候，和cms效果差不多，但是压力大的时候 G1的优势就出来了（例如停顿时间短），但是收集次数也变多了。而且G1在gatway里边同样的压测下没有发生 mixed和full收集，

因此虽然 书上说 大内存的情况下 G1效果更好，可是经过我对 一个压力大的项目和一个压力正常的项目来看，G1 在正常情况下不输于其他收集器，在压力大的时候，明显比其他的收集器效果要好，我只给出了512M内存，如果内存更大的话，G1的效果只会更好，因此

G1我觉得在处理器资源充足的情况下，完全可以代替其他的收集器了。